// Jest Snapshot v1, https://goo.gl/fbAQLP

exports[`the Header component should match the snapshot 1`] = `
<header
  aria-label=" Seed Planning and Registry System"
  className="cds--header spar-header"
  data-testid="header"
>
  <a
    className="cds--skip-to-content"
    href="#main-content"
    tabIndex="0"
  >
    Skip to main content
  </a>
  <button
    aria-label="Open menu"
    className="cds--header__action cds--header__menu-trigger cds--header__menu-toggle cds--header__menu-toggle__hidden"
    onClick={[Function]}
    title="Open menu"
    type="button"
  >
    <svg
      aria-hidden={true}
      fill="currentColor"
      focusable="false"
      height={20}
      preserveAspectRatio="xMidYMid meet"
      viewBox="0 0 20 20"
      width={20}
      xmlns="http://www.w3.org/2000/svg"
    >
      <path
        d="M2 14.8H18V16H2zM2 11.2H18V12.399999999999999H2zM2 7.6H18V8.799999999999999H2zM2 4H18V5.2H2z"
      />
    </svg>
  </button>
  <a
    className="header-link"
    data-testid="header-name"
    href="/dashboard"
    onClick={[Function]}
  >
    SPAR
    <span
      className="header-full-name"
    >
       Seed Planning and Registry System
    </span>
  </a>
  <div
    className="cds--header__global"
  >
    <span
      className="cds--popover-container cds--popover--caret cds--popover--high-contrast cds--popover--bottom cds--tooltip cds--icon-tooltip"
      onKeyDown={[Function]}
      onMouseLeave={[Function]}
    >
      <button
        aria-describedby={null}
        aria-label="Search"
        aria-labelledby="tooltip-22"
        aria-pressed={null}
        className="cds--btn--icon-only cds--header__action cds--btn cds--btn--primary cds--btn--icon-only cds--btn cds--btn--primary"
        data-testid="header-button__search"
        disabled={false}
        onBlur={[Function]}
        onClick={[Function]}
        onFocus={[Function]}
        onMouseEnter={[Function]}
        type="button"
      >
        <svg
          aria-hidden={true}
          fill="currentColor"
          focusable="false"
          height={20}
          preserveAspectRatio="xMidYMid meet"
          viewBox="0 0 32 32"
          width={20}
          xmlns="http://www.w3.org/2000/svg"
        >
          <path
            d="M29,27.5859l-7.5521-7.5521a11.0177,11.0177,0,1,0-1.4141,1.4141L27.5859,29ZM4,13a9,9,0,1,1,9,9A9.01,9.01,0,0,1,4,13Z"
          />
        </svg>
      </button>
      <span
        aria-hidden="true"
        className="cds--popover"
        id="tooltip-22"
        role="tooltip"
      >
        <span
          className="cds--popover-content cds--tooltip-content"
        >
          Search
        </span>
        <span
          className="cds--popover-caret"
        />
      </span>
    </span>
    <span
      className="cds--popover-container cds--popover--caret cds--popover--high-contrast cds--popover--bottom cds--tooltip cds--icon-tooltip"
      onKeyDown={[Function]}
      onMouseLeave={[Function]}
    >
      <button
        aria-describedby={null}
        aria-label="Notifications"
        aria-labelledby="tooltip-25"
        aria-pressed={null}
        className="cds--btn--icon-only cds--header__action cds--btn cds--btn--primary cds--btn--icon-only cds--btn cds--btn--primary"
        data-testid="header-button__notifications"
        disabled={false}
        onBlur={[Function]}
        onClick={[Function]}
        onFocus={[Function]}
        onMouseEnter={[Function]}
        type="button"
      >
        <svg
          aria-hidden={true}
          fill="currentColor"
          focusable="false"
          height={20}
          preserveAspectRatio="xMidYMid meet"
          viewBox="0 0 32 32"
          width={20}
          xmlns="http://www.w3.org/2000/svg"
        >
          <path
            d="M28.7071,19.293,26,16.5859V13a10.0136,10.0136,0,0,0-9-9.9492V1H15V3.0508A10.0136,10.0136,0,0,0,6,13v3.5859L3.2929,19.293A1,1,0,0,0,3,20v3a1,1,0,0,0,1,1h7v.7768a5.152,5.152,0,0,0,4.5,5.1987A5.0057,5.0057,0,0,0,21,25V24h7a1,1,0,0,0,1-1V20A1,1,0,0,0,28.7071,19.293ZM19,25a3,3,0,0,1-6,0V24h6Zm8-3H5V20.4141L7.707,17.707A1,1,0,0,0,8,17V13a8,8,0,0,1,16,0v4a1,1,0,0,0,.293.707L27,20.4141Z"
          />
        </svg>
      </button>
      <span
        aria-hidden="true"
        className="cds--popover"
        id="tooltip-25"
        role="tooltip"
      >
        <span
          className="cds--popover-content cds--tooltip-content"
        >
          Notifications
        </span>
        <span
          className="cds--popover-caret"
        />
      </span>
    </span>
    <span
      className="cds--popover-container cds--popover--caret cds--popover--high-contrast cds--popover--bottom-right cds--tooltip cds--icon-tooltip"
      onKeyDown={[Function]}
      onMouseLeave={[Function]}
    >
      <button
        aria-describedby={null}
        aria-label="User Settings"
        aria-labelledby="tooltip-28"
        aria-pressed={null}
        className="cds--btn--icon-only cds--header__action cds--btn cds--btn--primary cds--btn--icon-only cds--btn cds--btn--primary"
        data-testid="header-button__user"
        disabled={false}
        onBlur={[Function]}
        onClick={[Function]}
        onFocus={[Function]}
        onMouseEnter={[Function]}
        type="button"
      >
        <svg
          aria-hidden={true}
          fill="currentColor"
          focusable="false"
          height={20}
          preserveAspectRatio="xMidYMid meet"
          viewBox="0 0 32 32"
          width={20}
          xmlns="http://www.w3.org/2000/svg"
        >
          <path
            d="M16,8a5,5,0,1,0,5,5A5,5,0,0,0,16,8Zm0,8a3,3,0,1,1,3-3A3.0034,3.0034,0,0,1,16,16Z"
          />
          <path
            d="M16,2A14,14,0,1,0,30,16,14.0158,14.0158,0,0,0,16,2ZM10,26.3765V25a3.0033,3.0033,0,0,1,3-3h6a3.0033,3.0033,0,0,1,3,3v1.3765a11.8989,11.8989,0,0,1-12,0Zm13.9925-1.4507A5.0016,5.0016,0,0,0,19,20H13a5.0016,5.0016,0,0,0-4.9925,4.9258,12,12,0,1,1,15.985,0Z"
          />
        </svg>
      </button>
      <span
        aria-hidden="true"
        className="cds--popover"
        id="tooltip-28"
        role="tooltip"
      >
        <span
          className="cds--popover-content cds--tooltip-content"
        >
          User Settings
        </span>
        <span
          className="cds--popover-caret"
        />
      </span>
    </span>
  </div>
  <div
    aria-label="Notifications Tab"
    className="cds--header-panel notifications-panel"
  >
    <div
      className="right-title-section"
    >
      <h4>
        Notifications
      </h4>
      <div
        className="right-title-buttons"
      >
        <span
          className="cds--popover-container cds--popover--caret cds--popover--high-contrast cds--popover--bottom cds--tooltip cds--icon-tooltip"
          onKeyDown={[Function]}
          onMouseLeave={[Function]}
        >
          <button
            aria-describedby={null}
            aria-labelledby="tooltip-30"
            aria-pressed={null}
            className="cds--btn--icon-only cds--btn cds--btn--md cds--btn--ghost"
            disabled={false}
            onBlur={[Function]}
            onClick={[Function]}
            onFocus={[Function]}
            onMouseEnter={[Function]}
            type="button"
          >
            <svg
              aria-hidden={true}
              fill="currentColor"
              focusable="false"
              height={16}
              preserveAspectRatio="xMidYMid meet"
              viewBox="0 0 16 16"
              width={16}
              xmlns="http://www.w3.org/2000/svg"
            >
              <path
                d="M13.5,8.4c0-0.1,0-0.3,0-0.4c0-0.1,0-0.3,0-0.4l1-0.8c0.4-0.3,0.4-0.9,0.2-1.3l-1.2-2C13.3,3.2,13,3,12.6,3 c-0.1,0-0.2,0-0.3,0.1l-1.2,0.4c-0.2-0.1-0.4-0.3-0.7-0.4l-0.3-1.3C10.1,1.3,9.7,1,9.2,1H6.8c-0.5,0-0.9,0.3-1,0.8L5.6,3.1 C5.3,3.2,5.1,3.3,4.9,3.4L3.7,3C3.6,3,3.5,3,3.4,3C3,3,2.7,3.2,2.5,3.5l-1.2,2C1.1,5.9,1.2,6.4,1.6,6.8l0.9,0.9c0,0.1,0,0.3,0,0.4 c0,0.1,0,0.3,0,0.4L1.6,9.2c-0.4,0.3-0.5,0.9-0.2,1.3l1.2,2C2.7,12.8,3,13,3.4,13c0.1,0,0.2,0,0.3-0.1l1.2-0.4 c0.2,0.1,0.4,0.3,0.7,0.4l0.3,1.3c0.1,0.5,0.5,0.8,1,0.8h2.4c0.5,0,0.9-0.3,1-0.8l0.3-1.3c0.2-0.1,0.4-0.2,0.7-0.4l1.2,0.4 c0.1,0,0.2,0.1,0.3,0.1c0.4,0,0.7-0.2,0.9-0.5l1.1-2c0.2-0.4,0.2-0.9-0.2-1.3L13.5,8.4z M12.6,12l-1.7-0.6c-0.4,0.3-0.9,0.6-1.4,0.8 L9.2,14H6.8l-0.4-1.8c-0.5-0.2-0.9-0.5-1.4-0.8L3.4,12l-1.2-2l1.4-1.2c-0.1-0.5-0.1-1.1,0-1.6L2.2,6l1.2-2l1.7,0.6 C5.5,4.2,6,4,6.5,3.8L6.8,2h2.4l0.4,1.8c0.5,0.2,0.9,0.5,1.4,0.8L12.6,4l1.2,2l-1.4,1.2c0.1,0.5,0.1,1.1,0,1.6l1.4,1.2L12.6,12z"
              />
              <path
                d="M8,11c-1.7,0-3-1.3-3-3s1.3-3,3-3s3,1.3,3,3C11,9.6,9.7,11,8,11C8,11,8,11,8,11z M8,6C6.9,6,6,6.8,6,7.9C6,7.9,6,8,6,8 c0,1.1,0.8,2,1.9,2c0,0,0.1,0,0.1,0c1.1,0,2-0.8,2-1.9c0,0,0-0.1,0-0.1C10,6.9,9.2,6,8,6C8.1,6,8,6,8,6z"
              />
            </svg>
          </button>
          <span
            aria-hidden="true"
            className="cds--popover"
            id="tooltip-30"
            role="tooltip"
          >
            <span
              className="cds--popover-content cds--tooltip-content"
            >
              Settings
            </span>
            <span
              className="cds--popover-caret"
            />
          </span>
        </span>
        <span
          className="cds--popover-container cds--popover--caret cds--popover--high-contrast cds--popover--bottom cds--tooltip cds--icon-tooltip"
          onKeyDown={[Function]}
          onMouseLeave={[Function]}
        >
          <button
            aria-describedby={null}
            aria-labelledby="tooltip-32"
            aria-pressed={null}
            className="cds--btn--icon-only cds--btn cds--btn--md cds--btn--ghost"
            disabled={false}
            onBlur={[Function]}
            onClick={[Function]}
            onFocus={[Function]}
            onMouseEnter={[Function]}
            type="button"
          >
            <svg
              aria-hidden={true}
              fill="currentColor"
              focusable="false"
              height={16}
              preserveAspectRatio="xMidYMid meet"
              viewBox="0 0 32 32"
              width={16}
              xmlns="http://www.w3.org/2000/svg"
            >
              <path
                d="M24 9.4L22.6 8 16 14.6 9.4 8 8 9.4 14.6 16 8 22.6 9.4 24 16 17.4 22.6 24 24 22.6 17.4 16 24 9.4z"
              />
            </svg>
          </button>
          <span
            aria-hidden="true"
            className="cds--popover"
            id="tooltip-32"
            role="tooltip"
          >
            <span
              className="cds--popover-content cds--tooltip-content"
            >
              Close
            </span>
            <span
              className="cds--popover-caret"
            />
          </span>
        </span>
      </div>
    </div>
    <div
      className="notifications-space"
    >
      <div
        className="notifications-button-row cds--row"
      >
        <button
          aria-describedby={null}
          aria-pressed={null}
          className="btn-viewed cds--btn cds--btn--ghost"
          disabled={false}
          type="button"
        >
          Mark all as viewed
        </button>
        <button
          aria-describedby={null}
          aria-pressed={null}
          className="btn-all-notifications cds--btn cds--btn--ghost"
          disabled={false}
          type="button"
        >
          See all notifications
        </button>
      </div>
      <hr />
      <div
        className="notifications-central-container"
      >
        <div
          className="notifications-central-vertical-center"
        >
          <div
            className="empty-section-container"
          >
            <svg
              aria-hidden={true}
              className="empty-section-icon"
              fill="currentColor"
              focusable="false"
              height={16}
              preserveAspectRatio="xMidYMid meet"
              viewBox="0 0 32 32"
              width={16}
              xmlns="http://www.w3.org/2000/svg"
            >
              <path
                d="M16,12a4,4,0,1,1-4,4,4.0045,4.0045,0,0,1,4-4m0-2a6,6,0,1,0,6,6,6,6,0,0,0-6-6Z"
                transform="translate(0 .005)"
              />
              <path
                d="M6.854 5.375H8.854V10.333H6.854z"
                transform="rotate(-45 7.86 7.856)"
              />
              <path
                d="M2 15.005H7V17.005000000000003H2z"
              />
              <path
                d="M5.375 23.147H10.333V25.147H5.375z"
                transform="rotate(-45 7.86 24.149)"
              />
              <path
                d="M15 25.005H17V30.005H15z"
              />
              <path
                d="M23.147 21.668H25.147V26.625999999999998H23.147z"
                transform="rotate(-45 24.152 24.149)"
              />
              <path
                d="M25 15.005H30V17.005000000000003H25z"
              />
              <path
                d="M21.668 6.854H26.625999999999998V8.854H21.668z"
                transform="rotate(-45 24.152 7.856)"
              />
              <path
                d="M15 2.005H17V7.005H15z"
              />
            </svg>
            <p
              className="empty-section-title"
            >
              There is no new notifications!
            </p>
            <p
              className="empty-section-subtitle subtitle-section"
            >
              You can go to all notifications to see older ones.
            </p>
          </div>
          <button
            aria-describedby={null}
            aria-pressed={null}
            className="cds--btn cds--btn--md cds--btn--primary"
            disabled={false}
            type="button"
          >
            See all notifications
            <svg
              aria-hidden={true}
              className="cds--btn__icon"
              fill="currentColor"
              focusable="false"
              height={16}
              preserveAspectRatio="xMidYMid meet"
              viewBox="0 0 16 16"
              width={16}
              xmlns="http://www.w3.org/2000/svg"
            >
              <path
                d="M14.4,10.1L13,8.8V6.5c0-2.6-1.9-4.7-4.5-5v-1h-1v1C5,1.8,3,3.9,3,6.5v2.3l-1.4,1.3c-0.1,0.1-0.2,0.2-0.1,0.4V12 c0,0.3,0.2,0.5,0.4,0.5c0,0,0,0,0.1,0h3.5C5.5,13.9,6.6,15,8,15s2.5-1.1,2.5-2.5H14c0.3,0,0.5-0.2,0.5-0.4c0,0,0,0,0-0.1v-1.5 C14.5,10.4,14.4,10.2,14.4,10.1z M8,14c-0.8,0-1.5-0.7-1.5-1.5h3C9.5,13.3,8.8,14,8,14z M13.5,11.5h-11v-0.8l1.3-1.4 C3.9,9.3,4,9.1,4,9V6.5c0-2.2,1.8-4,4-4s4,1.8,4,4V9c0,0.1,0.1,0.3,0.1,0.4l1.4,1.3V11.5z"
              />
            </svg>
          </button>
        </div>
      </div>
    </div>
  </div>
  <div
    aria-label="My Profile Tab"
    className="cds--header-panel profile-panel"
  >
    <div
      className="right-title-section"
    >
      <h4>
        My Profile
      </h4>
      <div
        className="right-title-buttons"
      >
        <span
          className="cds--popover-container cds--popover--caret cds--popover--high-contrast cds--popover--bottom cds--tooltip cds--icon-tooltip"
          onKeyDown={[Function]}
          onMouseLeave={[Function]}
        >
          <button
            aria-describedby={null}
            aria-labelledby="tooltip-37"
            aria-pressed={null}
            className="cds--btn--icon-only cds--btn cds--btn--md cds--btn--ghost"
            disabled={false}
            onBlur={[Function]}
            onClick={[Function]}
            onFocus={[Function]}
            onMouseEnter={[Function]}
            type="button"
          >
            <svg
              aria-hidden={true}
              fill="currentColor"
              focusable="false"
              height={16}
              preserveAspectRatio="xMidYMid meet"
              viewBox="0 0 16 16"
              width={16}
              xmlns="http://www.w3.org/2000/svg"
            >
              <path
                d="M13.5,8.4c0-0.1,0-0.3,0-0.4c0-0.1,0-0.3,0-0.4l1-0.8c0.4-0.3,0.4-0.9,0.2-1.3l-1.2-2C13.3,3.2,13,3,12.6,3 c-0.1,0-0.2,0-0.3,0.1l-1.2,0.4c-0.2-0.1-0.4-0.3-0.7-0.4l-0.3-1.3C10.1,1.3,9.7,1,9.2,1H6.8c-0.5,0-0.9,0.3-1,0.8L5.6,3.1 C5.3,3.2,5.1,3.3,4.9,3.4L3.7,3C3.6,3,3.5,3,3.4,3C3,3,2.7,3.2,2.5,3.5l-1.2,2C1.1,5.9,1.2,6.4,1.6,6.8l0.9,0.9c0,0.1,0,0.3,0,0.4 c0,0.1,0,0.3,0,0.4L1.6,9.2c-0.4,0.3-0.5,0.9-0.2,1.3l1.2,2C2.7,12.8,3,13,3.4,13c0.1,0,0.2,0,0.3-0.1l1.2-0.4 c0.2,0.1,0.4,0.3,0.7,0.4l0.3,1.3c0.1,0.5,0.5,0.8,1,0.8h2.4c0.5,0,0.9-0.3,1-0.8l0.3-1.3c0.2-0.1,0.4-0.2,0.7-0.4l1.2,0.4 c0.1,0,0.2,0.1,0.3,0.1c0.4,0,0.7-0.2,0.9-0.5l1.1-2c0.2-0.4,0.2-0.9-0.2-1.3L13.5,8.4z M12.6,12l-1.7-0.6c-0.4,0.3-0.9,0.6-1.4,0.8 L9.2,14H6.8l-0.4-1.8c-0.5-0.2-0.9-0.5-1.4-0.8L3.4,12l-1.2-2l1.4-1.2c-0.1-0.5-0.1-1.1,0-1.6L2.2,6l1.2-2l1.7,0.6 C5.5,4.2,6,4,6.5,3.8L6.8,2h2.4l0.4,1.8c0.5,0.2,0.9,0.5,1.4,0.8L12.6,4l1.2,2l-1.4,1.2c0.1,0.5,0.1,1.1,0,1.6l1.4,1.2L12.6,12z"
              />
              <path
                d="M8,11c-1.7,0-3-1.3-3-3s1.3-3,3-3s3,1.3,3,3C11,9.6,9.7,11,8,11C8,11,8,11,8,11z M8,6C6.9,6,6,6.8,6,7.9C6,7.9,6,8,6,8 c0,1.1,0.8,2,1.9,2c0,0,0.1,0,0.1,0c1.1,0,2-0.8,2-1.9c0,0,0-0.1,0-0.1C10,6.9,9.2,6,8,6C8.1,6,8,6,8,6z"
              />
            </svg>
          </button>
          <span
            aria-hidden="true"
            className="cds--popover"
            id="tooltip-37"
            role="tooltip"
          >
            <span
              className="cds--popover-content cds--tooltip-content"
            >
              Settings
            </span>
            <span
              className="cds--popover-caret"
            />
          </span>
        </span>
        <span
          className="cds--popover-container cds--popover--caret cds--popover--high-contrast cds--popover--bottom cds--tooltip cds--icon-tooltip"
          onKeyDown={[Function]}
          onMouseLeave={[Function]}
        >
          <button
            aria-describedby={null}
            aria-labelledby="tooltip-39"
            aria-pressed={null}
            className="cds--btn--icon-only cds--btn cds--btn--md cds--btn--ghost"
            disabled={false}
            onBlur={[Function]}
            onClick={[Function]}
            onFocus={[Function]}
            onMouseEnter={[Function]}
            type="button"
          >
            <svg
              aria-hidden={true}
              fill="currentColor"
              focusable="false"
              height={16}
              preserveAspectRatio="xMidYMid meet"
              viewBox="0 0 32 32"
              width={16}
              xmlns="http://www.w3.org/2000/svg"
            >
              <path
                d="M24 9.4L22.6 8 16 14.6 9.4 8 8 9.4 14.6 16 8 22.6 9.4 24 16 17.4 22.6 24 24 22.6 17.4 16 24 9.4z"
              />
            </svg>
          </button>
          <span
            aria-hidden="true"
            className="cds--popover"
            id="tooltip-39"
            role="tooltip"
          >
            <span
              className="cds--popover-content cds--tooltip-content"
            >
              Close
            </span>
            <span
              className="cds--popover-caret"
            />
          </span>
        </span>
      </div>
    </div>
    <div
      className="user-info-section"
    >
      <div
        className="user-image"
      >
        <img
          alt="undefined undefined"
          className="profile-image large"
          src=""
        />
      </div>
      <div
        className="user-data"
      >
        <p
          className="user-name"
        >
          undefined undefined
        </p>
        <p>
          IDIR: undefined
        </p>
        <p />
      </div>
    </div>
    <hr
      className="divisory"
    />
    <nav
      className="account-nav"
    >
      <ul>
        <div
          className="panel-section-light"
        >
          <span>
            Change account
          </span>
        </div>
        <li
          className="cds--side-nav__item"
        >
          <a
            className="cds--side-nav__link"
            onClick={[Function]}
          >
            <div
              className="cds--side-nav__icon cds--side-nav__icon--small"
            >
              <svg
                aria-hidden={true}
                fill="currentColor"
                focusable="false"
                height={16}
                preserveAspectRatio="xMidYMid meet"
                viewBox="0 0 16 16"
                width={16}
                xmlns="http://www.w3.org/2000/svg"
              >
                <path
                  d="M8,1C4.1,1,1,4.1,1,8s3.1,7,7,7s7-3.1,7-7S11.9,1,8,1z M5,13.2v-1.5c0-0.9,0.6-1.6,1.5-1.7h3c0.9,0.1,1.5,0.8,1.5,1.7v1.5 C9.1,14.3,6.9,14.3,5,13.2L5,13.2z M12,12l0-0.8c0-0.9-1.1-2.1-2.5-2.2h-3C5.1,9.1,4,10.3,4,11.7l0,0.5v0.3c-2.5-2.2-2.7-6-0.5-8.5 s6-2.7,8.5-0.5s2.7,6,0.5,8.5c-0.1,0.2-0.3,0.3-0.5,0.5V12z"
                />
                <path
                  d="M8,3C6.6,3,5.5,4.1,5.5,5.5S6.6,8,8,8s2.5-1.1,2.5-2.5S9.4,3,8,3z M8,7C7.2,7,6.5,6.3,6.5,5.5S7.2,4,8,4s1.5,0.7,1.5,1.5 S8.8,7,8,7z"
                />
              </svg>
            </div>
            <span
              className="cds--side-nav__link-text"
            >
              My nursery account
            </span>
          </a>
        </li>
        <li
          className="cds--side-nav__item"
        >
          <a
            className="cds--side-nav__link"
            onClick={[Function]}
          >
            <div
              className="cds--side-nav__icon cds--side-nav__icon--small"
            >
              <svg
                aria-hidden={true}
                fill="currentColor"
                focusable="false"
                height={16}
                preserveAspectRatio="xMidYMid meet"
                viewBox="0 0 16 16"
                width={16}
                xmlns="http://www.w3.org/2000/svg"
              >
                <path
                  d="M8,1C4.1,1,1,4.1,1,8s3.1,7,7,7s7-3.1,7-7S11.9,1,8,1z M5,13.2v-1.5c0-0.9,0.6-1.6,1.5-1.7h3c0.9,0.1,1.5,0.8,1.5,1.7v1.5 C9.1,14.3,6.9,14.3,5,13.2L5,13.2z M12,12l0-0.8c0-0.9-1.1-2.1-2.5-2.2h-3C5.1,9.1,4,10.3,4,11.7l0,0.5v0.3c-2.5-2.2-2.7-6-0.5-8.5 s6-2.7,8.5-0.5s2.7,6,0.5,8.5c-0.1,0.2-0.3,0.3-0.5,0.5V12z"
                />
                <path
                  d="M8,3C6.6,3,5.5,4.1,5.5,5.5S6.6,8,8,8s2.5-1.1,2.5-2.5S9.4,3,8,3z M8,7C7.2,7,6.5,6.3,6.5,5.5S7.2,4,8,4s1.5,0.7,1.5,1.5 S8.8,7,8,7z"
                />
              </svg>
            </div>
            <span
              className="cds--side-nav__link-text"
            >
              My orchard account
            </span>
          </a>
        </li>
        <li
          className="cds--side-nav__item"
        >
          <a
            className="cds--side-nav__link"
            onClick={[Function]}
          >
            <div
              className="cds--side-nav__icon cds--side-nav__icon--small"
            >
              <svg
                aria-hidden={true}
                fill="currentColor"
                focusable="false"
                height={16}
                preserveAspectRatio="xMidYMid meet"
                viewBox="0 0 32 32"
                width={16}
                xmlns="http://www.w3.org/2000/svg"
              >
                <path
                  d="M32 14L28 14 28 10 26 10 26 14 22 14 22 16 26 16 26 20 28 20 28 16 32 16 32 14zM12 4A5 5 0 117 9a5 5 0 015-5m0-2a7 7 0 107 7A7 7 0 0012 2zM22 30H20V25a5 5 0 00-5-5H9a5 5 0 00-5 5v5H2V25a7 7 0 017-7h6a7 7 0 017 7z"
                />
              </svg>
            </div>
            <span
              className="cds--side-nav__link-text"
            >
              Add a different profile
            </span>
          </a>
        </li>
        <div
          className="panel-section-light"
        >
          <span>
            Options
          </span>
        </div>
        <li
          className="cds--side-nav__item"
        >
          <a
            className="cds--side-nav__link"
            onClick={[Function]}
          >
            <div
              className="cds--side-nav__icon cds--side-nav__icon--small"
            >
              <svg
                aria-hidden={true}
                fill="currentColor"
                focusable="false"
                height={16}
                preserveAspectRatio="xMidYMid meet"
                viewBox="0 0 32 32"
                width={16}
                xmlns="http://www.w3.org/2000/svg"
              >
                <switch>
                  <g>
                    <path
                      d="M28 13H30V15H28z"
                    />
                    <path
                      d="M24.2 3.8H26.2V5.8H24.2z"
                      transform="rotate(-45.001 25.192 4.808)"
                    />
                    <path
                      d="M15 0H17V2H15z"
                    />
                    <path
                      d="M5.8 3.8H7.8V5.8H5.8z"
                      transform="rotate(-134.999 6.808 4.808)"
                    />
                    <path
                      d="M2 13H4V15H2zM13 30H19V32H13zM11 26H21V28H11zM16 4C10.5 4 6 8.5 6 14c0 4.4 2 6.3 3.5 7.6 1 .9 1.5 1.5 1.5 2.4h2c0-1.8-1.1-2.9-2.2-3.9C9.4 18.9 8 17.5 8 14c0-4.4 3.6-8 8-8s8 3.6 8 8c0 3.5-1.4 4.9-2.8 6.1-1.1 1-2.2 2-2.2 3.9h2c0-.9.5-1.5 1.5-2.4C24 20.3 26 18.4 26 14 26 8.5 21.5 4 16 4z"
                    />
                  </g>
                </switch>
              </svg>
            </div>
            <span
              className="cds--side-nav__link-text"
            >
              Change theme
            </span>
          </a>
        </li>
        <li
          className="cds--side-nav__item"
        >
          <a
            className="cds--side-nav__link"
            onClick={[Function]}
          >
            <div
              className="cds--side-nav__icon cds--side-nav__icon--small"
            >
              <svg
                aria-hidden={true}
                fill="currentColor"
                focusable="false"
                height={16}
                preserveAspectRatio="xMidYMid meet"
                viewBox="0 0 32 32"
                width={16}
                xmlns="http://www.w3.org/2000/svg"
              >
                <path
                  d="M32 14L28 14 28 10 26 10 26 14 22 14 22 16 26 16 26 20 28 20 28 16 32 16 32 14zM12 4A5 5 0 117 9a5 5 0 015-5m0-2a7 7 0 107 7A7 7 0 0012 2zM22 30H20V25a5 5 0 00-5-5H9a5 5 0 00-5 5v5H2V25a7 7 0 017-7h6a7 7 0 017 7z"
                />
              </svg>
            </div>
            <span
              className="cds--side-nav__link-text"
            >
              Sign out
            </span>
          </a>
        </li>
      </ul>
    </nav>
  </div>
  <div
    className="cds--side-nav__overlay"
  />
  <nav
    aria-label="Side menu"
    className="cds--side-nav__navigation cds--side-nav cds--side-nav--ux"
    onBlur={[Function]}
    onFocus={[Function]}
    onKeyDown={[Function]}
  >
    <ul
      className="cds--side-nav__items"
    >
      <div
        className="main activities-section"
      >
        <div
          className="panel-section"
        >
          <span>
            Main activities
          </span>
        </div>
        <li
          className="cds--side-nav__item"
        >
          <a
            className="cds--side-nav__link"
            onClick={[Function]}
          >
            <div
              className="cds--side-nav__icon cds--side-nav__icon--small"
            >
              <svg
                aria-hidden={true}
                fill="currentColor"
                focusable="false"
                height={16}
                preserveAspectRatio="xMidYMid meet"
                viewBox="0 0 32 32"
                width={16}
                xmlns="http://www.w3.org/2000/svg"
              >
                <path
                  d="M24 21H26V26H24zM20 16H22V26H20zM11 26a5.0059 5.0059 0 01-5-5H8a3 3 0 103-3V16a5 5 0 010 10z"
                />
                <path
                  d="M28,2H4A2.002,2.002,0,0,0,2,4V28a2.0023,2.0023,0,0,0,2,2H28a2.0027,2.0027,0,0,0,2-2V4A2.0023,2.0023,0,0,0,28,2Zm0,9H14V4H28ZM12,4v7H4V4ZM4,28V13H28.0007l.0013,15Z"
                />
              </svg>
            </div>
            <span
              className="cds--side-nav__link-text"
            >
              Dashboard
            </span>
          </a>
        </li>
        <li
          className="cds--side-nav__item"
        >
          <a
            className="cds--side-nav__link"
            onClick={[Function]}
          >
            <div
              className="cds--side-nav__icon cds--side-nav__icon--small"
            >
              <svg
                aria-hidden={true}
                fill="currentColor"
                focusable="false"
                height={16}
                preserveAspectRatio="xMidYMid meet"
                viewBox="0 0 32 32"
                width={16}
                xmlns="http://www.w3.org/2000/svg"
              >
                <path
                  d="M24.5 30a5.202 5.202 0 01-4.626-8.08L23.49 16.5382a1.217 1.217 0 012.02 0L29.06 21.8154A5.4921 5.4921 0 0130 24.751 5.385 5.385 0 0124.5 30zm0-11.38l-2.9356 4.3672A3.2079 3.2079 0 0024.5 28 3.3855 3.3855 0 0028 24.751a3.4354 3.4354 0 00-.63-1.867zM11 16V11h1a4.0045 4.0045 0 004-4V4H13a3.9779 3.9779 0 00-2.7468 1.1067A6.0034 6.0034 0 005 2H2V5a6.0066 6.0066 0 006 6H9v5H2v2H16V16zM13 6h1V7a2.002 2.002 0 01-2 2H11V8A2.002 2.002 0 0113 6zM8 9A4.0045 4.0045 0 014 5V4H5A4.0045 4.0045 0 019 8V9zM2 21H16V23H2zM2 26H16V28H2z"
                />
              </svg>
            </div>
            <span
              className="cds--side-nav__link-text"
            >
              Seedlots
            </span>
          </a>
        </li>
        <li
          className="cds--side-nav__item"
        >
          <a
            className="cds--side-nav__link disabled-menu-option"
            onClick={[Function]}
          >
            <div
              className="cds--side-nav__icon cds--side-nav__icon--small"
            >
              <svg
                aria-hidden={true}
                fill="currentColor"
                focusable="false"
                height={16}
                preserveAspectRatio="xMidYMid meet"
                viewBox="0 0 32 32"
                width={16}
                xmlns="http://www.w3.org/2000/svg"
              >
                <path
                  d="M26,13a4.0045,4.0045,0,0,0,4-4V6H27a3.979,3.979,0,0,0-2.7468,1.1064A6.0041,6.0041,0,0,0,19,4H16V7a6.0066,6.0066,0,0,0,6,6h1V26H11V21h1a4.0045,4.0045,0,0,0,4-4V14H13a3.979,3.979,0,0,0-2.7468,1.1064A6.0041,6.0041,0,0,0,5,12H2v3a6.0066,6.0066,0,0,0,6,6H9v5H2v2H30V26H25V13Zm-1-3a2.002,2.002,0,0,1,2-2h1V9a2.002,2.002,0,0,1-2,2H25ZM11,18a2.002,2.002,0,0,1,2-2h1v1a2.002,2.002,0,0,1-2,2H11ZM9,19H8a4.0045,4.0045,0,0,1-4-4V14H5a4.0045,4.0045,0,0,1,4,4Zm14-8H22a4.0045,4.0045,0,0,1-4-4V6h1a4.0045,4.0045,0,0,1,4,4Z"
                />
              </svg>
            </div>
            <span
              className="cds--side-nav__link-text"
            >
              Seedlings
            </span>
          </a>
        </li>
        <li
          className="cds--side-nav__item"
        >
          <a
            className="cds--side-nav__link disabled-menu-option"
            onClick={[Function]}
          >
            <div
              className="cds--side-nav__icon cds--side-nav__icon--small"
            >
              <svg
                aria-hidden={true}
                fill="currentColor"
                focusable="false"
                height={16}
                preserveAspectRatio="xMidYMid meet"
                viewBox="0 0 32 32"
                width={16}
                xmlns="http://www.w3.org/2000/svg"
              >
                <path
                  d="M2 28H10V30H2zM17 29a1 1 0 01-.7808-.3752L12.52 24H2V22H13a1 1 0 01.7808.3752l3.146 3.9322 5.2412-7.8621A1 1 0 0123.8 18.4L26.5 22H30v2H26a.9991.9991 0 01-.8-.4l-2.1523-2.8694-5.2159 7.824a.9986.9986 0 01-.7885.4443zM11 16V11h1a4.0045 4.0045 0 004-4V4H13a3.9779 3.9779 0 00-2.7468 1.1067A6.0034 6.0034 0 005 2H2V5a6.0066 6.0066 0 006 6H9v5H2v2H16V16zM13 6h1V7a2.002 2.002 0 01-2 2H11V8A2.002 2.002 0 0113 6zM8 9A4.0045 4.0045 0 014 5V4H5A4.0045 4.0045 0 019 8V9z"
                />
              </svg>
            </div>
            <span
              className="cds--side-nav__link-text"
            >
              Nurseries
            </span>
          </a>
        </li>
        <li
          className="cds--side-nav__item"
        >
          <a
            className="cds--side-nav__link disabled-menu-option"
            onClick={[Function]}
          >
            <div
              className="cds--side-nav__icon cds--side-nav__icon--small"
            >
              <svg
                aria-hidden={true}
                fill="currentColor"
                focusable="false"
                height={16}
                preserveAspectRatio="xMidYMid meet"
                viewBox="0 0 32 32"
                width={16}
                xmlns="http://www.w3.org/2000/svg"
              >
                <path
                  d="M28 16H18V14h5V10a2 2 0 012-2h1.5a1.5 1.5 0 00.2837-2.9734l-.7109-.1355L25.9982 4.32a2.6322 2.6322 0 00-1.68-2.1823 2.5051 2.5051 0 00-3.0836 1.3042l-.3032.6472-.71-.0771a2.0185 2.0185 0 00-2.17 2.4343A2.0976 2.0976 0 0020.1261 8H21v2h-.7817A4.1491 4.1491 0 0116.012 6.3136a4.0047 4.0047 0 013.7414-4.306A4.5006 4.5006 0 0127.8267 3.26a3.5051 3.5051 0 012.1422 3.7094A3.6283 3.6283 0 0126.3172 10H25v4h3zM18 18H22V20H18zM14 18L14 16 12 16 12 20 16 20 16 18 14 18zM12 10H14V14H12z"
                />
                <path
                  d="M17.885 30L11.819 26.142 4 27.989 4 4 14 4 14 8 12 8 12 6 6 6 6 25.461 12.181 24.001 18.115 27.776 22.818 26 26 26 26 20 24 20 24 18 28 18 28 28 23.182 28 17.885 30z"
                />
              </svg>
            </div>
            <span
              className="cds--side-nav__link-text"
            >
              Orchards
            </span>
          </a>
        </li>
        <li
          className="cds--side-nav__item"
        >
          <a
            className="cds--side-nav__link disabled-menu-option"
            onClick={[Function]}
          >
            <div
              className="cds--side-nav__icon cds--side-nav__icon--small"
            >
              <svg
                aria-hidden={true}
                fill="currentColor"
                focusable="false"
                height={16}
                preserveAspectRatio="xMidYMid meet"
                viewBox="0 0 32 32"
                width={16}
                xmlns="http://www.w3.org/2000/svg"
              >
                <path
                  d="M10 18H18V20H10zM10 13H22V15H10zM10 23H15V25H10z"
                />
                <path
                  d="M25,5H22V4a2,2,0,0,0-2-2H12a2,2,0,0,0-2,2V5H7A2,2,0,0,0,5,7V28a2,2,0,0,0,2,2H25a2,2,0,0,0,2-2V7A2,2,0,0,0,25,5ZM12,4h8V8H12ZM25,28H7V7h3v3H22V7h3Z"
                />
              </svg>
            </div>
            <span
              className="cds--side-nav__link-text"
            >
              Reports
            </span>
          </a>
        </li>
        <li
          className="cds--side-nav__item"
        >
          <a
            className="cds--side-nav__link disabled-menu-option"
            onClick={[Function]}
          >
            <div
              className="cds--side-nav__icon cds--side-nav__icon--small"
            >
              <svg
                aria-hidden={true}
                fill="currentColor"
                focusable="false"
                height={16}
                preserveAspectRatio="xMidYMid meet"
                viewBox="0 0 32 32"
                width={16}
                xmlns="http://www.w3.org/2000/svg"
              >
                <path
                  d="M27.2314,23.6182,20,13.6748V4h2V2H10V4h2v9.6748L4.7686,23.6182A4.0183,4.0183,0,0,0,8.0186,30H23.9814a4.0183,4.0183,0,0,0,3.25-6.3818ZM14,14.3252V4h4V14.3252L20.6728,18H11.3272ZM23.9814,28H8.0186a2.0192,2.0192,0,0,1-1.6329-3.2061L9.8726,20H22.1274l3.4869,4.7939A2.0192,2.0192,0,0,1,23.9814,28Z"
                />
              </svg>
            </div>
            <span
              className="cds--side-nav__link-text"
            >
              Tests
            </span>
          </a>
        </li>
        <li
          className="cds--side-nav__item"
        >
          <a
            className="cds--side-nav__link disabled-menu-option"
            onClick={[Function]}
          >
            <div
              className="cds--side-nav__icon cds--side-nav__icon--small"
            >
              <svg
                aria-hidden={true}
                fill="currentColor"
                focusable="false"
                height={16}
                preserveAspectRatio="xMidYMid meet"
                viewBox="0 0 32 32"
                width={16}
                xmlns="http://www.w3.org/2000/svg"
              >
                <path
                  d="M12,30H9V28h3V15.5664L8.4854,13.4575l1.0292-1.7148,3.5147,2.1084A2.0115,2.0115,0,0,1,14,15.5664V28A2.0023,2.0023,0,0,1,12,30Z"
                />
                <path
                  d="M22,30H19a2.0024,2.0024,0,0,1-2-2V17h6a4.0008,4.0008,0,0,0,3.981-4.396A4.1489,4.1489,0,0,0,22.7853,9H21.2016L21.025,8.221C20.452,5.6961,18.0308,4,15,4A6.02,6.02,0,0,0,9.5585,7.4859L9.25,8.1531l-.863-.1143A2.771,2.771,0,0,0,8,8a4,4,0,1,0,0,8v2A6,6,0,1,1,8,6c.0264,0,.0525,0,.0786.001A8.0271,8.0271,0,0,1,15,2c3.6788,0,6.6923,1.9776,7.7516,5h.0337a6.1641,6.1641,0,0,1,6.1872,5.4141A6.0011,6.0011,0,0,1,23,19l-4,0v9h3Z"
                />
              </svg>
            </div>
            <span
              className="cds--side-nav__link-text"
            >
              Parent tree
            </span>
          </a>
        </li>
        <li
          className="cds--side-nav__item"
        >
          <a
            className="cds--side-nav__link disabled-menu-option"
            onClick={[Function]}
          >
            <div
              className="cds--side-nav__icon cds--side-nav__icon--small"
            >
              <svg
                aria-hidden={true}
                fill="currentColor"
                focusable="false"
                height={16}
                preserveAspectRatio="xMidYMid meet"
                viewBox="0 0 32 32"
                width={16}
                xmlns="http://www.w3.org/2000/svg"
              >
                <path
                  d="M8 8H10V12H8zM8 14H10V18H8zM14 8H16V12H14zM14 14H16V18H14zM8 20H10V24H8zM14 20H16V24H14z"
                />
                <path
                  d="M30,14a2,2,0,0,0-2-2H22V4a2,2,0,0,0-2-2H4A2,2,0,0,0,2,4V30H30ZM4,4H20V28H4ZM22,28V14h6V28Z"
                />
              </svg>
            </div>
            <span
              className="cds--side-nav__link-text"
            >
              Tree seed center
            </span>
          </a>
        </li>
        <li
          className="cds--side-nav__item"
        >
          <a
            className="cds--side-nav__link disabled-menu-option"
            onClick={[Function]}
          >
            <div
              className="cds--side-nav__icon cds--side-nav__icon--small"
            >
              <svg
                aria-hidden={true}
                fill="currentColor"
                focusable="false"
                height={16}
                preserveAspectRatio="xMidYMid meet"
                viewBox="0 0 32 32"
                width={16}
                xmlns="http://www.w3.org/2000/svg"
              >
                <path
                  d="M2 22H30V24H2zM2 26H30V28H2zM24 10a2 2 0 102 2 2 2 0 00-2-2zM16 16a4 4 0 114-4A4.0045 4.0045 0 0116 16zm0-6a2 2 0 102 2A2.002 2.002 0 0016 10zM8 10a2 2 0 102 2 2 2 0 00-2-2z"
                />
                <path
                  d="M28,20H4a2.0051,2.0051,0,0,1-2-2V6A2.0051,2.0051,0,0,1,4,4H28a2.0051,2.0051,0,0,1,2,2V18A2.0027,2.0027,0,0,1,28,20ZM28,6H4V18H28Z"
                />
              </svg>
            </div>
            <span
              className="cds--side-nav__link-text"
            >
              Financial
            </span>
          </a>
        </li>
      </div>
      <div
        className="management-section"
      >
        <div
          className="panel-section"
        >
          <span>
            Management
          </span>
        </div>
        <li
          className="cds--side-nav__item"
        >
          <a
            className="cds--side-nav__link disabled-menu-option"
            onClick={[Function]}
          >
            <div
              className="cds--side-nav__icon cds--side-nav__icon--small"
            >
              <svg
                aria-hidden={true}
                fill="currentColor"
                focusable="false"
                height={16}
                preserveAspectRatio="xMidYMid meet"
                viewBox="0 0 16 16"
                width={16}
                xmlns="http://www.w3.org/2000/svg"
              >
                <path
                  d="M14.4,10.1L13,8.8V6.5c0-2.6-1.9-4.7-4.5-5v-1h-1v1C5,1.8,3,3.9,3,6.5v2.3l-1.4,1.3c-0.1,0.1-0.2,0.2-0.1,0.4V12 c0,0.3,0.2,0.5,0.4,0.5c0,0,0,0,0.1,0h3.5C5.5,13.9,6.6,15,8,15s2.5-1.1,2.5-2.5H14c0.3,0,0.5-0.2,0.5-0.4c0,0,0,0,0-0.1v-1.5 C14.5,10.4,14.4,10.2,14.4,10.1z M8,14c-0.8,0-1.5-0.7-1.5-1.5h3C9.5,13.3,8.8,14,8,14z M13.5,11.5h-11v-0.8l1.3-1.4 C3.9,9.3,4,9.1,4,9V6.5c0-2.2,1.8-4,4-4s4,1.8,4,4V9c0,0.1,0.1,0.3,0.1,0.4l1.4,1.3V11.5z"
                />
              </svg>
            </div>
            <span
              className="cds--side-nav__link-text"
            >
              Notifications
            </span>
          </a>
        </li>
        <li
          className="cds--side-nav__item"
        >
          <a
            className="cds--side-nav__link disabled-menu-option"
            onClick={[Function]}
          >
            <div
              className="cds--side-nav__icon cds--side-nav__icon--small"
            >
              <svg
                aria-hidden={true}
                fill="currentColor"
                focusable="false"
                height={16}
                preserveAspectRatio="xMidYMid meet"
                viewBox="0 0 16 16"
                width={16}
                xmlns="http://www.w3.org/2000/svg"
              >
                <path
                  d="M13.5,8.4c0-0.1,0-0.3,0-0.4c0-0.1,0-0.3,0-0.4l1-0.8c0.4-0.3,0.4-0.9,0.2-1.3l-1.2-2C13.3,3.2,13,3,12.6,3 c-0.1,0-0.2,0-0.3,0.1l-1.2,0.4c-0.2-0.1-0.4-0.3-0.7-0.4l-0.3-1.3C10.1,1.3,9.7,1,9.2,1H6.8c-0.5,0-0.9,0.3-1,0.8L5.6,3.1 C5.3,3.2,5.1,3.3,4.9,3.4L3.7,3C3.6,3,3.5,3,3.4,3C3,3,2.7,3.2,2.5,3.5l-1.2,2C1.1,5.9,1.2,6.4,1.6,6.8l0.9,0.9c0,0.1,0,0.3,0,0.4 c0,0.1,0,0.3,0,0.4L1.6,9.2c-0.4,0.3-0.5,0.9-0.2,1.3l1.2,2C2.7,12.8,3,13,3.4,13c0.1,0,0.2,0,0.3-0.1l1.2-0.4 c0.2,0.1,0.4,0.3,0.7,0.4l0.3,1.3c0.1,0.5,0.5,0.8,1,0.8h2.4c0.5,0,0.9-0.3,1-0.8l0.3-1.3c0.2-0.1,0.4-0.2,0.7-0.4l1.2,0.4 c0.1,0,0.2,0.1,0.3,0.1c0.4,0,0.7-0.2,0.9-0.5l1.1-2c0.2-0.4,0.2-0.9-0.2-1.3L13.5,8.4z M12.6,12l-1.7-0.6c-0.4,0.3-0.9,0.6-1.4,0.8 L9.2,14H6.8l-0.4-1.8c-0.5-0.2-0.9-0.5-1.4-0.8L3.4,12l-1.2-2l1.4-1.2c-0.1-0.5-0.1-1.1,0-1.6L2.2,6l1.2-2l1.7,0.6 C5.5,4.2,6,4,6.5,3.8L6.8,2h2.4l0.4,1.8c0.5,0.2,0.9,0.5,1.4,0.8L12.6,4l1.2,2l-1.4,1.2c0.1,0.5,0.1,1.1,0,1.6l1.4,1.2L12.6,12z"
                />
                <path
                  d="M8,11c-1.7,0-3-1.3-3-3s1.3-3,3-3s3,1.3,3,3C11,9.6,9.7,11,8,11C8,11,8,11,8,11z M8,6C6.9,6,6,6.8,6,7.9C6,7.9,6,8,6,8 c0,1.1,0.8,2,1.9,2c0,0,0.1,0,0.1,0c1.1,0,2-0.8,2-1.9c0,0,0-0.1,0-0.1C10,6.9,9.2,6,8,6C8.1,6,8,6,8,6z"
                />
              </svg>
            </div>
            <span
              className="cds--side-nav__link-text"
            >
              Settings
            </span>
          </a>
        </li>
      </div>
      <div
        className="support-section"
      >
        <div
          className="panel-section"
        >
          <span>
            Support
          </span>
        </div>
        <li
          className="cds--side-nav__item"
        >
          <a
            className="cds--side-nav__link disabled-menu-option"
            onClick={[Function]}
          >
            <div
              className="cds--side-nav__icon cds--side-nav__icon--small"
            >
              <svg
                aria-hidden={true}
                fill="currentColor"
                focusable="false"
                height={16}
                preserveAspectRatio="xMidYMid meet"
                viewBox="0 0 16 16"
                width={16}
                xmlns="http://www.w3.org/2000/svg"
              >
                <path
                  d="M8,1C4.1,1,1,4.1,1,8s3.1,7,7,7s7-3.1,7-7S11.9,1,8,1z M8,14c-3.3,0-6-2.7-6-6s2.7-6,6-6s6,2.7,6,6S11.3,14,8,14z"
                />
                <circle
                  cx="8"
                  cy="11.8"
                  r=".8"
                />
                <path
                  d="M8.5,4H7.8C6.5,4,5.5,5,5.5,6.2c0,0,0,0,0,0v0.2h1V6.2C6.5,5.6,7.1,5,7.8,5h0.8c0.7,0,1.2,0.6,1.2,1.2S9.2,7.5,8.5,7.5h-1 v2.2h1V8.5c1.2,0,2.2-1,2.2-2.2S9.7,4,8.5,4z"
                />
              </svg>
            </div>
            <span
              className="cds--side-nav__link-text"
            >
              Need help?
            </span>
          </a>
        </li>
      </div>
      <div
        className="panel-section"
      >
        <span>
          Version: undefined
        </span>
      </div>
    </ul>
  </nav>
</header>
`;
